// Jest Snapshot v1, https://goo.gl/fbAQLP

exports[`Test on <Test1Screen/> SnapShot of <Test1Screen/> 1`] = `
<div
  className="container-fluid"
>
  <div
    className="row"
  >
    <div
      className="col-md-8 pt-2 pb-2"
    >
      <h1
        className="text-center"
      >
        Prueba 1 - Alice vs Bob
      </h1>
      <h5
        className="text-center"
      >
        Alice y Bob se arman en contienda para ver quien gana segun sus aptitudes.
      </h5>
      <div
        className="row justify-content-center"
      >
        <div
          className="col-md-6"
        >
          <Test1BoxCard
            name="Alice"
            state={
              Array [
                17,
                28,
                30,
              ]
            }
          />
        </div>
        <div
          className="col-md-6"
        >
          <Test1BoxCard
            name="Bob"
            state={
              Array [
                99,
                16,
                8,
              ]
            }
          />
        </div>
      </div>
      <div
        className="row justify-content-center text-center"
      >
        <div
          className="col-md-4 text-center"
        >
          <Test1StateResult
            resultAlice={2}
            resultBob={1}
          />
          <button
            className="btn btn-success"
            onClick={[Function]}
            type="button"
          >
            Probar otro numero
          </button>
        </div>
      </div>
    </div>
    <div
      className="col-md-4 background-code pt-4 pb-4"
    >
      <Test1Console
        alice={
          Array [
            17,
            28,
            30,
          ]
        }
        bob={
          Array [
            99,
            16,
            8,
          ]
        }
        results={
          Array [
            2,
            1,
          ]
        }
      />
    </div>
  </div>
</div>
`;
